// Jest Snapshot v1, https://goo.gl/fbAQLP

exports[`BodyEnd renders 1`] = `"button"`;
