// Jest Snapshot v1, https://goo.gl/fbAQLP

exports[`Transition renders 1`] = `
<div
  className="TransitionFade exit"
>
  content
</div>
`;
